
> texas-total-loss@0.1.1 build
> next build

Γû▓ Next.js 16.2.0 (Turbopack)
- Environments: .env.local, .env.production

  Creating an optimized production build ...
