
> texas-total-loss@0.1.1 build
> next build

node.exe : [baseline-b
rowser-mapping] The 
data in this module 
is over two months 
old.  To ensure 
accurate Baseline 
data, please update: 
`npm i baseline-browse
r-mapping@latest -D`
At line:1 char:1
+ & "C:\Program Files\
nodejs/node.exe" 
"C:\Program 
Files\nodejs/node_mo 
...
+ ~~~~~~~~~~~~~~~~~~~~
~~~~~~~~~~~~~~~~~~~~~~
~~~~~~~~~~~~~~~~~~~~~~
~~~~~
    + CategoryInfo    
          : 
NotSpecifi    ed: 
([baseline-bro    
ws...ping@latest -    
D`:String) [], Rem    
oteException
    + 
FullyQualifiedEr    
rorId : NativeComm    
andError
 
   Γû▓ Next.js 16.0.10 (Turbopack)
   - Environments: .env.local

 ΓÜá The "middleware" 
file convention is 
deprecated. Please 
use "proxy" instead. 
Learn more: https://ne
xtjs.org/docs/messages
/middleware-to-proxy
   Creating an optimized production build ...
[baseline-browser-mapp
ing] The data in this 
module is over two 
months old.  To 
ensure accurate 
Baseline data, please 
update: `npm i baselin
e-browser-mapping@late
st -D`

> Build error occurred
Error: Turbopack 
build failed with 1 
errors:
./src/lib/marketing_re
ports.ts:2:1
Module not found: 
Can't resolve 'fs'
[0m [90m 1 |[39m 
[36mimport[39m { 
supabaseClient } 
[36mfrom[39m [32m'.
/supabaseClient'[39m
[33m;[39m
[31m[1m>[22m[39m[
90m 2 |[39m 
[36mimport[39m 
[33m*[39m 
[36mas[39m fs 
[36mfrom[39m [32m'f
s'[39m[33m;[39m
 [90m   |[39m [31m
[1m^[22m[39m[31m[1
m^[22m[39m[31m[1m^
[22m[39m[31m[1m^[
22m[39m[31m[1m^[22
m[39m[31m[1m^[22m
[39m[31m[1m^[22m[3
9m[31m[1m^[22m[39m
[31m[1m^[22m[39m[
31m[1m^[22m[39m[31
m[1m^[22m[39m[31m
[1m^[22m[39m[31m[1
m^[22m[39m[31m[1m^
[22m[39m[31m[1m^[
22m[39m[31m[1m^[22
m[39m[31m[1m^[22m
[39m[31m[1m^[22m[3
9m[31m[1m^[22m[39m
[31m[1m^[22m[39m[
31m[1m^[22m[39m[31
m[1m^[22m[39m[31m
[1m^[22m[39m[31m[1
m^[22m[39m[31m[1m^
[22m[39m
 [90m 3 |[39m 
[36mimport[39m 
[33m*[39m 
[36mas[39m path 
[36mfrom[39m [32m'p
ath'[39m[33m;[39m
 [90m 4 |[39m
 [90m 5 |[39m 
[36mexport[39m type 
[33mMarketingReport[
39m [33m=[39m {[0m



Import traces:
  Client Component 
Browser:
    ./src/lib/marketin
g_reports.ts [Client 
Component Browser]
    ./src/app/admin/pa
ge.tsx [Client 
Component Browser]
    ./src/app/admin/pa
ge.tsx [Server 
Component]

  Client Component 
SSR:
    ./src/lib/marketin
g_reports.ts [Client 
Component SSR]
    ./src/app/admin/pa
ge.tsx [Client 
Component SSR]
    ./src/app/admin/pa
ge.tsx [Server 
Component]

https://nextjs.org/doc
s/messages/module-not-
found


    at <unknown> (./sr
c/lib/marketing_report
s.ts:2:1)
    at <unknown> (http
s://nextjs.org/docs/me
ssages/module-not-foun
d)
