src/dictionaries/en.ts(204,9): error TS1005: ',' expected.
src/dictionaries/en.ts(473,6): error TS1005: ',' expected.
src/dictionaries/en.ts(475,17): error TS1005: ',' expected.
src/dictionaries/en.ts(475,39): error TS1005: ',' expected.
src/dictionaries/en.ts(476,1): error TS1005: '}' expected.
src/dictionaries/es.ts(475,6): error TS1005: ',' expected.
src/dictionaries/es.ts(476,1): error TS1005: '}' expected.
