src/app/api/admin/blog-posts/route.ts(3,31): error TS2307: Cannot find module '../../../../../lib/supabaseAdmin' or its corresponding type declarations.
src/app/api/admin/get-chat-messages/route.ts(3,31): error TS2307: Cannot find module '../../../../../lib/supabaseAdmin' or its corresponding type declarations.
src/app/api/admin/get-chat-sessions/route.ts(3,31): error TS2307: Cannot find module '../../../../../lib/supabaseAdmin' or its corresponding type declarations.
src/app/api/admin/send-message/route.ts(3,31): error TS2307: Cannot find module '../../../../../lib/supabaseAdmin' or its corresponding type declarations.
src/app/api/chat/route.ts(4,31): error TS2307: Cannot find module '../../../../lib/supabaseAdmin' or its corresponding type declarations.
src/app/api/chat/route.ts(5,37): error TS2307: Cannot find module '../../../../lib/email' or its corresponding type declarations.
