src/app/library/firebase.ts(1,1): error TS1127: Invalid character.
src/app/library/firebase.ts(1,3): error TS1005: ';' expected.
src/app/library/firebase.ts(1,6): error TS1434: Unexpected keyword or identifier.
src/app/library/firebase.ts(1,12): error TS1434: Unexpected keyword or identifier.
src/app/library/firebase.ts(1,17): error TS1435: Unknown keyword or identifier. Did you mean 'out'?
src/app/library/firebase.ts(1,23): error TS1434: Unexpected keyword or identifier.
src/app/library/firebase.ts(1,27): error TS1434: Unexpected keyword or identifier.
src/app/library/firebase.ts(1,30): error TS1434: Unexpected keyword or identifier.
src/app/library/firebase.ts(1,34): error TS1434: Unexpected keyword or identifier.
src/app/library/firebase.ts(1,38): error TS1434: Unexpected keyword or identifier.
src/app/library/firebase.ts(1,41): error TS1434: Unexpected keyword or identifier.
src/app/library/firebase.ts(1,51): error TS1434: Unexpected keyword or identifier.
src/app/library/firebase.ts(2,1): error TS1127: Invalid character.
src/app/library/firebase.ts(2,3): error TS1005: ';' expected.
src/app/library/firebase.ts(3,9): error TS1109: Expression expected.
src/app/library/firebase.ts(3,14): error TS1128: Declaration or statement expected.
src/app/library/firebase.ts(4,3): error TS1127: Invalid character.
src/app/library/firebase.ts(4,5): error TS1005: ';' expected.
src/app/library/firebase.ts(4,11): error TS1434: Unexpected keyword or identifier.
src/app/library/firebase.ts(4,19): error TS1434: Unexpected keyword or identifier.
src/app/library/firebase.ts(4,27): error TS1434: Unexpected keyword or identifier.
src/app/library/firebase.ts(5,29): error TS1127: Invalid character.
src/app/library/firebase.ts(5,31): error TS1005: ';' expected.
src/app/library/firebase.ts(6,3): error TS1127: Invalid character.
src/app/library/firebase.ts(6,5): error TS1005: ';' expected.
src/app/library/firebase.ts(8,5): error TS1127: Invalid character.
src/app/library/firebase.ts(8,7): error TS1005: ',' expected.
src/app/library/firebase.ts(9,5): error TS1127: Invalid character.
src/app/library/firebase.ts(9,7): error TS1005: ',' expected.
src/app/library/firebase.ts(10,5): error TS1127: Invalid character.
src/app/library/firebase.ts(10,7): error TS1005: ',' expected.
src/app/library/firebase.ts(11,5): error TS1005: ',' expected.
src/app/library/firebase.ts(12,5): error TS1127: Invalid character.
src/app/library/firebase.ts(12,7): error TS1005: ',' expected.
src/app/library/firebase.ts(14,3): error TS1127: Invalid character.
src/app/library/firebase.ts(14,5): error TS1005: ';' expected.
src/app/library/firebase.ts(14,10): error TS1434: Unexpected keyword or identifier.
src/app/library/firebase.ts(14,39): error TS1005: ';' expected.
src/app/library/firebase.ts(17,5): error TS1127: Invalid character.
src/app/library/firebase.ts(17,7): error TS1005: ':' expected.
src/app/library/firebase.ts(17,14): error TS1005: ',' expected.
src/app/library/firebase.ts(17,18): error TS1005: ':' expected.
src/app/library/firebase.ts(17,22): error TS1005: ',' expected.
src/app/library/firebase.ts(17,33): error TS1005: ',' expected.
src/app/library/firebase.ts(17,37): error TS1005: ',' expected.
src/app/library/firebase.ts(17,42): error TS1005: ',' expected.
src/app/library/firebase.ts(17,45): error TS1005: ',' expected.
src/app/library/firebase.ts(19,7): error TS1127: Invalid character.
src/app/library/firebase.ts(19,9): error TS1005: ',' expected.
src/app/library/firebase.ts(20,7): error TS1005: ',' expected.
src/app/library/firebase.ts(21,6): error TS1005: ',' expected.
src/app/library/firebase.ts(22,5): error TS1127: Invalid character.
src/app/library/firebase.ts(22,7): error TS1005: ':' expected.
src/app/library/firebase.ts(22,14): error TS1005: ',' expected.
src/app/library/firebase.ts(23,5): error TS1005: ',' expected.
src/app/library/firebase.ts(24,20): error TS1005: ',' expected.
src/app/library/firebase.ts(26,9): error TS1127: Invalid character.
src/app/library/firebase.ts(26,11): error TS1005: ':' expected.
src/app/library/firebase.ts(27,9): error TS1127: Invalid character.
src/app/library/firebase.ts(27,13): error TS1127: Invalid character.
src/app/library/firebase.ts(27,15): error TS1005: ',' expected.
src/app/library/firebase.ts(27,28): error TS1005: ',' expected.
src/app/library/firebase.ts(27,42): error TS1005: ':' expected.
src/app/library/firebase.ts(27,47): error TS1005: ':' expected.
src/app/library/firebase.ts(27,52): error TS1005: ',' expected.
src/app/library/firebase.ts(27,59): error TS1005: '(' expected.
src/app/library/firebase.ts(27,62): error TS1005: ',' expected.
src/app/library/firebase.ts(27,91): error TS1002: Unterminated string literal.
src/app/library/firebase.ts(28,9): error TS1127: Invalid character.
src/app/library/firebase.ts(28,13): error TS1127: Invalid character.
src/app/library/firebase.ts(28,15): error TS1005: ':' expected.
src/app/library/firebase.ts(28,19): error TS1005: ',' expected.
src/app/library/firebase.ts(28,24): error TS1005: ',' expected.
src/app/library/firebase.ts(28,27): error TS1005: ',' expected.
src/app/library/firebase.ts(28,33): error TS1005: ',' expected.
src/app/library/firebase.ts(28,53): error TS1002: Unterminated string literal.
src/app/library/firebase.ts(29,9): error TS1127: Invalid character.
src/app/library/firebase.ts(29,13): error TS1005: ',' expected.
src/app/library/firebase.ts(29,30): error TS1005: ',' expected.
src/app/library/firebase.ts(29,36): error TS1005: ',' expected.
src/app/library/firebase.ts(29,42): error TS1005: ',' expected.
src/app/library/firebase.ts(30,9): error TS1127: Invalid character.
src/app/library/firebase.ts(30,13): error TS1005: ':' expected.
src/app/library/firebase.ts(30,28): error TS1005: ',' expected.
src/app/library/firebase.ts(31,9): error TS1127: Invalid character.
src/app/library/firebase.ts(31,13): error TS1005: ':' expected.
src/app/library/firebase.ts(32,9): error TS1127: Invalid character.
src/app/library/firebase.ts(32,15): error TS1127: Invalid character.
src/app/library/firebase.ts(32,17): error TS1005: ',' expected.
src/app/library/firebase.ts(32,29): error TS1005: ',' expected.
src/app/library/firebase.ts(32,39): error TS1005: ',' expected.
src/app/library/firebase.ts(32,42): error TS1005: ',' expected.
src/app/library/firebase.ts(32,50): error TS1005: '(' expected.
src/app/library/firebase.ts(32,55): error TS1005: ',' expected.
src/app/library/firebase.ts(33,9): error TS1127: Invalid character.
src/app/library/firebase.ts(33,15): error TS1005: ':' expected.
src/app/library/firebase.ts(33,29): error TS1005: ',' expected.
src/app/library/firebase.ts(34,9): error TS1127: Invalid character.
src/app/library/firebase.ts(34,13): error TS1005: ':' expected.
src/app/library/firebase.ts(34,14): error TS1005: ',' expected.
src/app/library/firebase.ts(35,9): error TS1127: Invalid character.
src/app/library/firebase.ts(35,11): error TS1005: ':' expected.
src/app/library/firebase.ts(35,12): error TS1005: ',' expected.
src/app/library/firebase.ts(36,8): error TS1005: ',' expected.
src/app/library/firebase.ts(37,6): error TS1005: ',' expected.
src/app/library/firebase.ts(38,5): error TS1127: Invalid character.
src/app/library/firebase.ts(38,7): error TS1005: ':' expected.
src/app/library/firebase.ts(38,17): error TS1005: ',' expected.
src/app/library/firebase.ts(38,27): error TS1005: ',' expected.
src/app/library/firebase.ts(39,5): error TS1005: ',' expected.
src/app/library/firebase.ts(40,7): error TS1127: Invalid character.
src/app/library/firebase.ts(40,9): error TS1005: ':' expected.
src/app/library/firebase.ts(40,14): error TS1005: ',' expected.
src/app/library/firebase.ts(40,19): error TS1005: ',' expected.
src/app/library/firebase.ts(40,21): error TS1005: ',' expected.
src/app/library/firebase.ts(40,31): error TS1005: ',' expected.
src/app/library/firebase.ts(40,34): error TS1005: ',' expected.
src/app/library/firebase.ts(40,40): error TS1005: ',' expected.
src/app/library/firebase.ts(41,7): error TS1005: ',' expected.
src/app/library/firebase.ts(42,9): error TS1127: Invalid character.
src/app/library/firebase.ts(42,11): error TS1005: ':' expected.
src/app/library/firebase.ts(42,18): error TS1005: ',' expected.
src/app/library/firebase.ts(42,28): error TS1005: ',' expected.
src/app/library/firebase.ts(42,31): error TS1005: ',' expected.
src/app/library/firebase.ts(42,44): error TS1005: ',' expected.
src/app/library/firebase.ts(42,49): error TS1005: ',' expected.
src/app/library/firebase.ts(43,9): error TS1127: Invalid character.
src/app/library/firebase.ts(43,11): error TS1005: ':' expected.
src/app/library/firebase.ts(43,23): error TS1005: ',' expected.
src/app/library/firebase.ts(43,38): error TS1005: ':' expected.
src/app/library/firebase.ts(44,9): error TS1127: Invalid character.
src/app/library/firebase.ts(44,11): error TS1005: ':' expected.
src/app/library/firebase.ts(44,16): error TS1005: ',' expected.
src/app/library/firebase.ts(44,24): error TS1005: ',' expected.
src/app/library/firebase.ts(44,28): error TS1005: ':' expected.
src/app/library/firebase.ts(44,32): error TS1005: ',' expected.
src/app/library/firebase.ts(44,42): error TS1005: ',' expected.
src/app/library/firebase.ts(44,48): error TS1005: ',' expected.
src/app/library/firebase.ts(44,51): error TS1005: ',' expected.
src/app/library/firebase.ts(44,58): error TS1005: ':' expected.
src/app/library/firebase.ts(44,63): error TS1005: ':' expected.
src/app/library/firebase.ts(44,68): error TS1005: ',' expected.
src/app/library/firebase.ts(45,9): error TS1109: Expression expected.
src/app/library/firebase.ts(45,16): error TS1005: ':' expected.
src/app/library/firebase.ts(45,46): error TS1005: ',' expected.
src/app/library/firebase.ts(45,59): error TS1005: ',' expected.
src/app/library/firebase.ts(46,8): error TS1005: ',' expected.
src/app/library/firebase.ts(47,7): error TS1127: Invalid character.
src/app/library/firebase.ts(47,9): error TS1005: ':' expected.
src/app/library/firebase.ts(47,14): error TS1005: ',' expected.
src/app/library/firebase.ts(47,19): error TS1005: ',' expected.
src/app/library/firebase.ts(47,23): error TS1005: ',' expected.
src/app/library/firebase.ts(47,33): error TS1005: ',' expected.
src/app/library/firebase.ts(47,40): error TS1005: '{' expected.
src/app/library/firebase.ts(48,7): error TS1005: ',' expected.
src/app/library/firebase.ts(49,9): error TS1127: Invalid character.
src/app/library/firebase.ts(49,11): error TS1005: ':' expected.
src/app/library/firebase.ts(49,18): error TS1005: ',' expected.
src/app/library/firebase.ts(49,26): error TS1005: ',' expected.
src/app/library/firebase.ts(49,28): error TS1005: ',' expected.
src/app/library/firebase.ts(49,39): error TS1005: ',' expected.
src/app/library/firebase.ts(49,44): error TS1005: ',' expected.
src/app/library/firebase.ts(49,47): error TS1005: ',' expected.
src/app/library/firebase.ts(49,53): error TS1005: ',' expected.
src/app/library/firebase.ts(49,57): error TS1005: ',' expected.
src/app/library/firebase.ts(49,59): error TS1005: ',' expected.
src/app/library/firebase.ts(49,66): error TS1005: ',' expected.
src/app/library/firebase.ts(49,74): error TS1005: ',' expected.
src/app/library/firebase.ts(50,9): error TS1127: Invalid character.
src/app/library/firebase.ts(50,11): error TS1005: ':' expected.
src/app/library/firebase.ts(50,25): error TS1005: ',' expected.
src/app/library/firebase.ts(50,50): error TS1005: ':' expected.
src/app/library/firebase.ts(51,8): error TS1005: ',' expected.
src/app/library/firebase.ts(54,1): error TS1128: Declaration or statement expected.
